// Jest Snapshot v1, https://goo.gl/fbAQLP

exports[`Assets 컴포넌트 렌더링이 올바르게 된다 1`] = `<div />`;
