// Jest Snapshot v1, https://goo.gl/fbAQLP

exports[`RoomNavigator 컴포넌트 렌더링이 올바르게 된다 1`] = `
.c2 {
  font-family: AppleSDGothicNeo,sans-serif;
  font-size: 17px;
  font-weight: 700;
  -webkit-letter-spacing: -0.12px;
  -moz-letter-spacing: -0.12px;
  -ms-letter-spacing: -0.12px;
  letter-spacing: -0.12px;
}

.c6 {
  display: -webkit-box;
  display: -webkit-flex;
  display: -ms-flexbox;
  display: flex;
}

.c4 {
  display: -webkit-box;
  display: -webkit-flex;
  display: -ms-flexbox;
  display: flex;
  -webkit-flex-direction: row;
  -ms-flex-direction: row;
  flex-direction: row;
}

.c5 {
  margin-right: 16px;
}

.c0 {
  height: 44px;
  position: relative;
  display: -webkit-box;
  display: -webkit-flex;
  display: -ms-flexbox;
  display: flex;
  -webkit-box-pack: center;
  -webkit-justify-content: center;
  -ms-flex-pack: center;
  justify-content: center;
  -webkit-align-items: center;
  -webkit-box-align: center;
  -ms-flex-align: center;
  align-items: center;
}

.c1 {
  position: absolute;
  left: 12px;
  top: 50%;
  -webkit-transform: translateY(-50%);
  -ms-transform: translateY(-50%);
  transform: translateY(-50%);
}

.c3 {
  position: absolute;
  right: 12px;
  top: 50%;
  -webkit-transform: translateY(-50%);
  -ms-transform: translateY(-50%);
  transform: translateY(-50%);
}

<div>
  <header
    class="c0"
  >
    <div
      class="c1"
    >
      <button
        data-testid="back-button"
      >
        <svg
          height="24"
          viewBox="0 0 24 24"
          width="24"
        >
          <line
            stroke="#fff"
            stroke-miterlimit="10"
            stroke-width="2"
            x1="16.2"
            x2="7.7"
            y1="19.8"
            y2="11.3"
          />
          <line
            stroke="#fff"
            stroke-miterlimit="10"
            stroke-width="2"
            x1="16.3"
            x2="7.7"
            y1="4.2"
            y2="12.6"
          />
        </svg>
      </button>
    </div>
    <div
      style="opacity: 0; transform: translateX(30px) translateZ(0);"
    >
      <p
        class="c2"
        color="white"
        letter-spacing="-0.12"
        size="17"
      >
        채팅방
      </p>
    </div>
    <div
      class="c3"
    >
      <div
        class="c4"
        style="opacity: 0; transform: translateX(30px) translateZ(0);"
      >
        <button
          class="c5"
          data-testid="upload-button"
        >
          <div
            class="c6"
          />
        </button>
        <button>
          <div
            class="c6"
          />
        </button>
      </div>
    </div>
  </header>
</div>
`;
