// Jest Snapshot v1, https://goo.gl/fbAQLP

exports[`Text 컴포넌트 렌더링이 올바르게 된다 1`] = `
.c0 {
  font-family: AppleSDGothicNeo,sans-serif;
  font-size: 14px;
  font-weight: 500;
  -webkit-letter-spacing: -0.1px;
  -moz-letter-spacing: -0.1px;
  -ms-letter-spacing: -0.1px;
  letter-spacing: -0.1px;
}

<div>
  <p
    class="c0"
    size="14"
  >
    Hello World
  </p>
</div>
`;
