// Jest Snapshot v1, https://goo.gl/fbAQLP

exports[`Textarea 컴포넌트 렌더링이 올바르게 된다 1`] = `
.c0 {
  font-family: AppleSDGothicNeo,sans-serif;
  font-size: 14px;
  -webkit-letter-spacing: -0.12px;
  -moz-letter-spacing: -0.12px;
  -ms-letter-spacing: -0.12px;
  letter-spacing: -0.12px;
  width: 100%;
  resize: none;
  -ms-overflow-style: none;
  -webkit-scrollbar-width: none;
  -moz-scrollbar-width: none;
  -ms-scrollbar-width: none;
  scrollbar-width: none;
}

.c0 {
  font-family: AppleSDGothicNeo,sans-serif;
  font-size: 14px;
  -webkit-letter-spacing: -0.12px;
  -moz-letter-spacing: -0.12px;
  -ms-letter-spacing: -0.12px;
  letter-spacing: -0.12px;
  width: 100%;
  resize: none;
  -ms-overflow-style: none;
  -webkit-scrollbar-width: none;
  -moz-scrollbar-width: none;
  -ms-scrollbar-width: none;
  scrollbar-width: none;
}

.c0 {
  font-family: AppleSDGothicNeo,sans-serif;
  font-size: 14px;
  -webkit-letter-spacing: -0.12px;
  -moz-letter-spacing: -0.12px;
  -ms-letter-spacing: -0.12px;
  letter-spacing: -0.12px;
  width: 100%;
  resize: none;
  -ms-overflow-style: none;
  -webkit-scrollbar-width: none;
  -moz-scrollbar-width: none;
  -ms-scrollbar-width: none;
  scrollbar-width: none;
}

.c0 {
  font-family: AppleSDGothicNeo,sans-serif;
  font-size: 14px;
  -webkit-letter-spacing: -0.12px;
  -moz-letter-spacing: -0.12px;
  -ms-letter-spacing: -0.12px;
  letter-spacing: -0.12px;
  width: 100%;
  resize: none;
  -ms-overflow-style: none;
  -webkit-scrollbar-width: none;
  -moz-scrollbar-width: none;
  -ms-scrollbar-width: none;
  scrollbar-width: none;
}

.c0::-webkit-scrollbar {
  display: none;
}

<div>
  <textarea
    class="c0"
  />
</div>
`;
