// Jest Snapshot v1, https://goo.gl/fbAQLP

exports[`Room 페이지 렌더링이 올바르게 된다 1`] = `
.c3 {
  font-family: AppleSDGothicNeo,sans-serif;
  font-size: 17px;
  font-weight: 700;
  -webkit-letter-spacing: -0.12px;
  -moz-letter-spacing: -0.12px;
  -ms-letter-spacing: -0.12px;
  letter-spacing: -0.12px;
}

.c11 {
  font-family: AppleSDGothicNeo,sans-serif;
  font-size: 12px;
  font-weight: 500;
  -webkit-letter-spacing: -0.1px;
  -moz-letter-spacing: -0.1px;
  -ms-letter-spacing: -0.1px;
  letter-spacing: -0.1px;
}

.c16 {
  font-family: AppleSDGothicNeo,sans-serif;
  font-size: 14px;
  font-weight: 600;
  -webkit-letter-spacing: -0.1px;
  -moz-letter-spacing: -0.1px;
  -ms-letter-spacing: -0.1px;
  letter-spacing: -0.1px;
}

.c7 {
  position: relative;
  overflow: hidden;
}

.c8 {
  height: calc(100vh - 44px);
  padding: 20px 16px 90px;
  overflow-y: auto;
  display: -webkit-box;
  display: -webkit-flex;
  display: -ms-flexbox;
  display: flex;
  -webkit-flex-direction: column;
  -ms-flex-direction: column;
  flex-direction: column;
  -ms-overflow-style: none;
  -webkit-scrollbar-width: none;
  -moz-scrollbar-width: none;
  -ms-scrollbar-width: none;
  scrollbar-width: none;
}

.c8::-webkit-scrollbar {
  display: none;
}

.c9 {
  display: -webkit-box;
  display: -webkit-flex;
  display: -ms-flexbox;
  display: flex;
  -webkit-align-items: center;
  -webkit-box-align: center;
  -ms-flex-align: center;
  align-items: center;
  margin-top: 0px;
}

.c17 {
  display: -webkit-box;
  display: -webkit-flex;
  display: -ms-flexbox;
  display: flex;
  -webkit-align-items: center;
  -webkit-box-align: center;
  -ms-flex-align: center;
  align-items: center;
  margin-top: 10px;
}

.c10 {
  -webkit-flex: 1;
  -ms-flex: 1;
  flex: 1;
  height: 1px;
}

.c12 {
  margin: 0 10px;
  opacity: 0.4;
}

.c2 {
  display: -webkit-box;
  display: -webkit-flex;
  display: -ms-flexbox;
  display: flex;
}

.c5 {
  display: -webkit-box;
  display: -webkit-flex;
  display: -ms-flexbox;
  display: flex;
  -webkit-flex-direction: row;
  -ms-flex-direction: row;
  flex-direction: row;
}

.c6 {
  margin-right: 16px;
}

.c0 {
  height: 44px;
  position: relative;
  display: -webkit-box;
  display: -webkit-flex;
  display: -ms-flexbox;
  display: flex;
  -webkit-box-pack: center;
  -webkit-justify-content: center;
  -ms-flex-pack: center;
  justify-content: center;
  -webkit-align-items: center;
  -webkit-box-align: center;
  -ms-flex-align: center;
  align-items: center;
}

.c1 {
  position: absolute;
  left: 12px;
  top: 50%;
  -webkit-transform: translateY(-50%);
  -ms-transform: translateY(-50%);
  transform: translateY(-50%);
}

.c4 {
  position: absolute;
  right: 12px;
  top: 50%;
  -webkit-transform: translateY(-50%);
  -ms-transform: translateY(-50%);
  transform: translateY(-50%);
}

.c13 {
  margin-top: 10px;
  display: -webkit-box;
  display: -webkit-flex;
  display: -ms-flexbox;
  display: flex;
  -webkit-box-pack: start;
  -webkit-justify-content: flex-start;
  -ms-flex-pack: start;
  justify-content: flex-start;
  -webkit-align-items: flex-end;
  -webkit-box-align: flex-end;
  -ms-flex-align: flex-end;
  align-items: flex-end;
}

.c15 {
  padding: 12px;
  border-radius: 12px;
  box-shadow: 0 2px 4px 0;
  word-break: break-word;
}

.c14 {
  margin: 0 4px;
  opacity: 0.4;
  -webkit-order: 1;
  -ms-flex-order: 1;
  order: 1;
}

.c18 {
  display: -webkit-box;
  display: -webkit-flex;
  display: -ms-flexbox;
  display: flex;
  padding: 10px 16px 20px;
  position: absolute;
  left: 0;
  right: 0;
  bottom: 0;
}

.c19 {
  -webkit-flex: 1;
  -ms-flex: 1;
  flex: 1;
  height: 50px;
  margin-right: 12px;
  padding: 17px 16px 16px;
  border-radius: 25px;
  box-shadow: 0 2px 4px 0;
}

.c21 {
  width: 50px;
  height: 50px;
  border-radius: 50%;
  -webkit-transition: opacity 300ms;
  transition: opacity 300ms;
  display: -webkit-box;
  display: -webkit-flex;
  display: -ms-flexbox;
  display: flex;
  -webkit-box-pack: center;
  -webkit-justify-content: center;
  -ms-flex-pack: center;
  justify-content: center;
  -webkit-align-items: center;
  -webkit-box-align: center;
  -ms-flex-align: center;
  align-items: center;
}

.c21:disabled {
  opacity: 0.4;
}

.c20 {
  font-family: AppleSDGothicNeo,sans-serif;
  font-size: 14px;
  -webkit-letter-spacing: -0.12px;
  -moz-letter-spacing: -0.12px;
  -ms-letter-spacing: -0.12px;
  letter-spacing: -0.12px;
  width: 100%;
  resize: none;
  -ms-overflow-style: none;
  -webkit-scrollbar-width: none;
  -moz-scrollbar-width: none;
  -ms-scrollbar-width: none;
  scrollbar-width: none;
}

.c20 {
  font-family: AppleSDGothicNeo,sans-serif;
  font-size: 14px;
  -webkit-letter-spacing: -0.12px;
  -moz-letter-spacing: -0.12px;
  -ms-letter-spacing: -0.12px;
  letter-spacing: -0.12px;
  width: 100%;
  resize: none;
  -ms-overflow-style: none;
  -webkit-scrollbar-width: none;
  -moz-scrollbar-width: none;
  -ms-scrollbar-width: none;
  scrollbar-width: none;
}

.c20 {
  font-family: AppleSDGothicNeo,sans-serif;
  font-size: 14px;
  -webkit-letter-spacing: -0.12px;
  -moz-letter-spacing: -0.12px;
  -ms-letter-spacing: -0.12px;
  letter-spacing: -0.12px;
  width: 100%;
  resize: none;
  -ms-overflow-style: none;
  -webkit-scrollbar-width: none;
  -moz-scrollbar-width: none;
  -ms-scrollbar-width: none;
  scrollbar-width: none;
}

.c20 {
  font-family: AppleSDGothicNeo,sans-serif;
  font-size: 14px;
  -webkit-letter-spacing: -0.12px;
  -moz-letter-spacing: -0.12px;
  -ms-letter-spacing: -0.12px;
  letter-spacing: -0.12px;
  width: 100%;
  resize: none;
  -ms-overflow-style: none;
  -webkit-scrollbar-width: none;
  -moz-scrollbar-width: none;
  -ms-scrollbar-width: none;
  scrollbar-width: none;
}

.c20::-webkit-scrollbar {
  display: none;
}

<div>
  <header
    class="c0"
  >
    <div
      class="c1"
    >
      <button
        data-testid="back-button"
      >
        <div
          class="c2"
        />
      </button>
    </div>
    <p
      class="c3"
      color="white"
      letter-spacing="-0.12"
      size="17"
    >
      장만월 사장님
    </p>
    <div
      class="c4"
    >
      <div
        class="c5"
      >
        <button
          class="c6"
          data-testid="upload-button"
        >
          <div
            class="c2"
          />
        </button>
        <button>
          <div
            class="c2"
          />
        </button>
      </div>
    </div>
  </header>
  <section
    class="c7"
  >
    <div
      class="c8"
    >
      <div>
        <div
          class="c9"
        >
          <div
            class="c10"
          />
          <p
            class="c11 c12"
            letter-spacing="0"
            size="12"
          >
            2020-05-06
          </p>
          <div
            class="c10"
          />
        </div>
        <div>
          <article
            class="c13"
          >
            <p
              class="c11 c14"
              letter-spacing="0"
              size="12"
            >
              02:34
            </p>
            <div
              class="c15"
            >
              <p
                class="c16"
                color="charcoalGrey2"
                size="14"
              >
                출근했니?
              </p>
            </div>
          </article>
        </div>
        <div>
          <article
            class="c13"
          >
            <p
              class="c11 c14"
              letter-spacing="0"
              size="12"
            >
              02:35
            </p>
            <div
              class="c15"
            >
              <p
                class="c16"
                color="charcoalGrey2"
                size="14"
              >
                출근했냐구?
              </p>
            </div>
          </article>
        </div>
      </div>
      <div>
        <div
          class="c17"
        >
          <div
            class="c10"
          />
          <p
            class="c11 c12"
            letter-spacing="0"
            size="12"
          >
            2020-05-07
          </p>
          <div
            class="c10"
          />
        </div>
        <div>
          <article
            class="c13"
          >
            <p
              class="c11 c14"
              letter-spacing="0"
              size="12"
            >
              02:36
            </p>
            <div
              class="c15"
            >
              <p
                class="c16"
                color="charcoalGrey2"
                size="14"
              >
                어딘데 출근 안하니?
              </p>
            </div>
          </article>
        </div>
      </div>
      <div>
        <div
          class="c17"
        >
          <div
            class="c10"
          />
          <p
            class="c11 c12"
            letter-spacing="0"
            size="12"
          >
            2021-10-24
          </p>
          <div
            class="c10"
          />
        </div>
        <div>
          <article
            class="c13"
          >
            <p
              class="c11 c14"
              letter-spacing="0"
              size="12"
            >
              09:32
            </p>
            <div
              class="c15"
            >
              <p
                class="c16"
                color="charcoalGrey2"
                size="14"
              >
                어딘데 출근 안하니, 죽고싶니?
              </p>
            </div>
          </article>
        </div>
      </div>
      <form
        class="c18"
      >
        <div
          class="c19"
        >
          <textarea
            class="c20"
            name="message"
            placeholder="메시지를 입력하세요.."
            rows="1"
          />
        </div>
        <button
          class="c21"
          disabled=""
          type="submit"
        >
          <div
            class="c2"
          />
        </button>
      </form>
    </div>
  </section>
</div>
`;
